
> vite_react_shadcn_ts@0.0.0 build
> next build

   Γû▓ Next.js 15.5.14
   - Environments: .env

   Creating an optimized production build ...
 Γ£ô Compiled successfully in 17.1s
   Linting and checking validity of types ...
node.exe : 
At C:\nvm4w\nodejs\npm.ps1:16 char:5
+     & "$basedir/node$exe"  "$basedir/node_modules/npm/bin/npm-cli.js" ...
+     ~~~~~~~~~~~~~~~~~~~~~~~~~~~~~~~~~~~~~~~~~~~~~~~~~~~~~~~~~~~~~~~~~
    + CategoryInfo          : NotSpecified: (:String) [], RemoteException
    + FullyQualifiedErrorId : NativeCommandError
 
 ΓÜá The Next.js plugin was not detected in your ESLint configuration. See 
https://nextjs.org/docs/app/api-reference/config/eslint#migrating-existing-config

Failed to compile.

./src/app/api/admin/categories/[id]/route.ts
63:23  Error: Unexpected any. Specify a different type.  @typescript-eslint/no-explicit-any

./src/app/api/admin/products/route.ts
92:23  Error: Unexpected any. Specify a different type.  @typescript-eslint/no-explicit-any
167:9  Error: 'finalPipeline' is never reassigned. Use 'const' instead.  prefer-const
241:40  Error: Unexpected any. Specify a different type.  @typescript-eslint/no-explicit-any

./src/app/api/admin/subcategories/[id]/route.ts
74:23  Error: Unexpected any. Specify a different type.  @typescript-eslint/no-explicit-any

./src/app/layout.tsx
5:14  Warning: Fast refresh only works when a file only exports components. Use a new file to share constants or 
functions between components.  react-refresh/only-export-components

./src/app/_not-found/page.tsx
5:14  Warning: Fast refresh only works when a file only exports components. Use a new file to share constants or 
functions between components.  react-refresh/only-export-components

./src/components/admin/AdminAnnouncementBar.tsx
46:5  Warning: Unused eslint-disable directive (no problems were reported from 'react-hooks/exhaustive-deps').

./src/components/admin/AdminCategories.tsx
80:6  Warning: React Hook useEffect has a missing dependency: 'fetchData'. Either include it or remove the dependency 
array.  react-hooks/exhaustive-deps
93:45  Error: Unexpected any. Specify a different type.  @typescript-eslint/no-explicit-any
107:48  Error: Unexpected any. Specify a different type.  @typescript-eslint/no-explicit-any
114:76  Error: Unexpected any. Specify a different type.  @typescript-eslint/no-explicit-any
127:11  Error: 'imageUrlToUse' is never reassigned. Use 'const' instead.  prefer-const
161:11  Error: 'imageUrlToUse' is never reassigned. Use 'const' instead.  prefer-const
221:43  Error: Unexpected any. Specify a different type.  @typescript-eslint/no-explicit-any

./src/components/admin/AdminInventory.tsx
338:6  Warning: React Hook useEffect has a missing dependency: 'searchQuery'. Either include it or remove the 
dependency array.  react-hooks/exhaustive-deps

./src/components/admin/AdminOrders.tsx
597:6  Warning: React Hook useEffect has a missing dependency: 'fetchOrders'. Either include it or remove the 
dependency array.  react-hooks/exhaustive-deps
603:6  Warning: React Hook useEffect has a missing dependency: 'fetchOrders'. Either include it or remove the 
dependency array.  react-hooks/exhaustive-deps
609:6  Warning: React Hook useEffect has a missing dependency: 'fetchOrders'. Either include it or remove the 
dependency array.  react-hooks/exhaustive-deps
615:6  Warning: React Hook useEffect has a missing dependency: 'fetchOrders'. Either include it or remove the 
dependency array.  react-hooks/exhaustive-deps
621:6  Warning: React Hook useEffect has a missing dependency: 'fetchOrders'. Either include it or remove the 
dependency array.  react-hooks/exhaustive-deps
637:6  Warning: React Hook useEffect has a missing dependency: 'fetchOrders'. Either include it or remove the 
dependency array.  react-hooks/exhaustive-deps

./src/components/admin/AdminProducts.tsx
40:14  Error: Unexpected any. Specify a different type.  @typescript-eslint/no-explicit-any
313:6  Warning: React Hook useEffect has a missing dependency: 'fetchData'. Either include it or remove the dependency 
array.  react-hooks/exhaustive-deps
319:6  Warning: React Hook useEffect has a missing dependency: 'fetchData'. Either include it or remove the dependency 
array.  react-hooks/exhaustive-deps
323:6  Warning: React Hook useEffect has a missing dependency: 'fetchData'. Either include it or remove the dependency 
array.  react-hooks/exhaustive-deps
396:25  Error: Unexpected any. Specify a different type.  @typescript-eslint/no-explicit-any
397:28  Error: Unexpected any. Specify a different type.  @typescript-eslint/no-explicit-any
886:35  Error: Unexpected any. Specify a different type.  @typescript-eslint/no-explicit-any
887:41  Error: Unexpected any. Specify a different type.  @typescript-eslint/no-explicit-any
896:35  Error: Unexpected any. Specify a different type.  @typescript-eslint/no-explicit-any
897:41  Error: Unexpected any. Specify a different type.  @typescript-eslint/no-explicit-any
1199:39  Error: Unexpected any. Specify a different type.  @typescript-eslint/no-explicit-any

./src/components/admin/products/AdminProductForm.tsx
71:62  Error: Unexpected any. Specify a different type.  @typescript-eslint/no-explicit-any
73:58  Error: Unexpected any. Specify a different type.  @typescript-eslint/no-explicit-any
74:66  Error: Unexpected any. Specify a different type.  @typescript-eslint/no-explicit-any
122:35  Error: Unexpected any. Specify a different type.  @typescript-eslint/no-explicit-any
133:35  Error: Unexpected any. Specify a different type.  @typescript-eslint/no-explicit-any
166:6  Warning: React Hook useCallback has a missing dependency: 'processFiles'. Either include it or remove the 
dependency array.  react-hooks/exhaustive-deps
271:44  Error: Unexpected any. Specify a different type.  @typescript-eslint/no-explicit-any
280:47  Error: Unexpected any. Specify a different type.  @typescript-eslint/no-explicit-any
460:82  Error: Unexpected any. Specify a different type.  @typescript-eslint/no-explicit-any

./src/components/admin/VariantProductModal.tsx
128:76  Error: Unexpected any. Specify a different type.  @typescript-eslint/no-explicit-any

./src/components/ProductCard.tsx
35:6  Warning: React Hook useEffect has a missing dependency: 'product.images'. Either include it or remove the 
dependency array. If 'setImageSrc' needs the current value of 'product.images', you can also switch to useReducer 
instead of useState and read 'product.images' in the reducer.  react-hooks/exhaustive-deps
35:19  Warning: React Hook useEffect has a complex expression in the dependency array. Extract it to a separate 
variable so it can be statically checked.  react-hooks/exhaustive-deps

./src/components/ProductGallery.tsx
20:17  Warning: Fast refresh only works when a file only exports components. Use a new file to share constants or 
functions between components.  react-refresh/only-export-components

./src/components/ui/badge.tsx
29:17  Warning: Fast refresh only works when a file only exports components. Use a new file to share constants or 
functions between components.  react-refresh/only-export-components

./src/components/ui/button.tsx
47:18  Warning: Fast refresh only works when a file only exports components. Use a new file to share constants or 
functions between components.  react-refresh/only-export-components

./src/components/ui/form.tsx
129:10  Warning: Fast refresh only works when a file only exports components. Use a new file to share constants or 
functions between components.  react-refresh/only-export-components

./src/components/ui/navigation-menu.tsx
111:3  Warning: Fast refresh only works when a file only exports components. Use a new file to share constants or 
functions between components.  react-refresh/only-export-components

./src/components/ui/sidebar.tsx
636:3  Warning: Fast refresh only works when a file only exports components. Use a new file to share constants or 
functions between components.  react-refresh/only-export-components

./src/components/ui/sonner.tsx
27:19  Warning: Fast refresh only works when a file only exports components. Use a new file to share constants or 
functions between components.  react-refresh/only-export-components

./src/components/ui/toggle.tsx
37:18  Warning: Fast refresh only works when a file only exports components. Use a new file to share constants or 
functions between components.  react-refresh/only-export-components

./src/pages/Index.tsx
222:6  Warning: React Hook useEffect has a missing dependency: 'heroImages.length'. Either include it or remove the 
dependency array.  react-hooks/exhaustive-deps

./src/pages/Wishlist.tsx
16:6  Warning: React Hook useEffect has missing dependencies: 'loadProducts' and 'products.length'. Either include 
them or remove the dependency array.  react-hooks/exhaustive-deps
22:6  Warning: React Hook useEffect has missing dependencies: 'loadProducts' and 'products.length'. Either include 
them or remove the dependency array.  react-hooks/exhaustive-deps

./src/types/product.ts
53:12  Error: Unexpected any. Specify a different type.  @typescript-eslint/no-explicit-any
55:11  Error: Unexpected any. Specify a different type.  @typescript-eslint/no-explicit-any
56:20  Error: Unexpected any. Specify a different type.  @typescript-eslint/no-explicit-any

info  - Need to disable some ESLint rules? Learn more here: 
https://nextjs.org/docs/app/api-reference/config/eslint#disabling-rules
npm notice
npm notice New minor version of npm available! 11.6.1 -> 11.18.0
npm notice Changelog: https://github.com/npm/cli/releases/tag/v11.18.0
npm notice To update run: npm install -g npm@11.18.0
npm notice
